V3 3
FL $XILINX/CatchTheFlag/ctfdecoder.vhd 2023/12/20.17:46:46 J.36
EN work/ctfdecoder 1703074662 FL $XILINX/CatchTheFlag/ctfdecoder.vhd \
      PB ieee/std_logic_1164 1177545575 PB ieee/std_logic_arith 1177545576 \
      PB ieee/STD_LOGIC_UNSIGNED 1177545583
AR work/ctfdecoder/Dataflow 1703074663 \
      FL $XILINX/CatchTheFlag/ctfdecoder.vhd EN work/ctfdecoder 1703074662
